// Jest Snapshot v1, https://goo.gl/fbAQLP

exports[`zos-tso issue should display the help 1`] = `
"
 DESCRIPTION
 -----------

   Issue TSO commands

 USAGE
 -----

   zowe zos-tso issue <command>

   Where <command> is one of the following:

 COMMANDS
 --------

   command | cmd Issue a TSO command

 GLOBAL OPTIONS
 --------------

   --response-format-json  | --rfj (boolean)

      Produce JSON formatted data from a command

   --help  | -h (boolean)

      Display help text

{
  \\"success\\": true,
  \\"exitCode\\": 0,
  \\"message\\": \\"The help was constructed for command: issue.\\",
  \\"stdout\\": \\"\\\\n DESCRIPTION\\\\n -----------\\\\n\\\\n   Issue TSO commands\\\\n\\\\n USAGE\\\\n -----\\\\n\\\\n   zowe zos-tso issue <command>\\\\n\\\\n   Where <command> is one of the following:\\\\n\\\\n COMMANDS\\\\n --------\\\\n\\\\n   command | cmd Issue a TSO command\\\\n\\\\n GLOBAL OPTIONS\\\\n --------------\\\\n\\\\n   --response-format-json  | --rfj (boolean)\\\\n\\\\n      Produce JSON formatted data from a command\\\\n\\\\n   --help  | -h (boolean)\\\\n\\\\n      Display help text\\\\n\\\\n\\",
  \\"stderr\\": \\"\\",
  \\"data\\": \\"\\\\n DESCRIPTION\\\\n -----------\\\\n\\\\n   Issue TSO commands\\\\n\\\\n USAGE\\\\n -----\\\\n\\\\n   zowe zos-tso issue <command>\\\\n\\\\n   Where <command> is one of the following:\\\\n\\\\n COMMANDS\\\\n --------\\\\n\\\\n   command | cmd Issue a TSO command\\\\n\\\\n GLOBAL OPTIONS\\\\n --------------\\\\n\\\\n   --response-format-json  | --rfj (boolean)\\\\n\\\\n      Produce JSON formatted data from a command\\\\n\\\\n   --help  | -h (boolean)\\\\n\\\\n      Display help text\\\\n\\\\n\\"
}"
`;
