// Jest Snapshot v1, https://goo.gl/fbAQLP

exports[`zos-tso send should display the help 1`] = `
"
 DESCRIPTION
 -----------

   Send data to TSO and collect responses until the prompt is reached

 USAGE
 -----

   zowe zos-tso send <command>

   Where <command> is one of the following:

 COMMANDS
 --------

   address-space | as Send data to a TSO address space

 GLOBAL OPTIONS
 --------------

   --response-format-json  | --rfj (boolean)

      Produce JSON formatted data from a command

   --help  | -h (boolean)

      Display help text

{
  \\"success\\": true,
  \\"exitCode\\": 0,
  \\"message\\": \\"The help was constructed for command: send.\\",
  \\"stdout\\": \\"\\\\n DESCRIPTION\\\\n -----------\\\\n\\\\n   Send data to TSO and collect responses until the prompt is reached\\\\n\\\\n USAGE\\\\n -----\\\\n\\\\n   zowe zos-tso send <command>\\\\n\\\\n   Where <command> is one of the following:\\\\n\\\\n COMMANDS\\\\n --------\\\\n\\\\n   address-space | as Send data to a TSO address space\\\\n\\\\n GLOBAL OPTIONS\\\\n --------------\\\\n\\\\n   --response-format-json  | --rfj (boolean)\\\\n\\\\n      Produce JSON formatted data from a command\\\\n\\\\n   --help  | -h (boolean)\\\\n\\\\n      Display help text\\\\n\\\\n\\",
  \\"stderr\\": \\"\\",
  \\"data\\": \\"\\\\n DESCRIPTION\\\\n -----------\\\\n\\\\n   Send data to TSO and collect responses until the prompt is reached\\\\n\\\\n USAGE\\\\n -----\\\\n\\\\n   zowe zos-tso send <command>\\\\n\\\\n   Where <command> is one of the following:\\\\n\\\\n COMMANDS\\\\n --------\\\\n\\\\n   address-space | as Send data to a TSO address space\\\\n\\\\n GLOBAL OPTIONS\\\\n --------------\\\\n\\\\n   --response-format-json  | --rfj (boolean)\\\\n\\\\n      Produce JSON formatted data from a command\\\\n\\\\n   --help  | -h (boolean)\\\\n\\\\n      Display help text\\\\n\\\\n\\"
}"
`;
