// Jest Snapshot v1, https://goo.gl/fbAQLP

exports[`zos-jobs download command should display the help 1`] = `
"
 DESCRIPTION
 -----------

   Download the output of a job as separate files.

 USAGE
 -----

   zowe zos-jobs download <command>

   Where <command> is one of the following:

 COMMANDS
 --------

   output | o Download all job output to a directory

 GLOBAL OPTIONS
 --------------

   --response-format-json  | --rfj (boolean)

      Produce JSON formatted data from a command

   --help  | -h (boolean)

      Display help text

{
  \\"success\\": true,
  \\"exitCode\\": 0,
  \\"message\\": \\"The help was constructed for command: download.\\",
  \\"stdout\\": \\"\\\\n DESCRIPTION\\\\n -----------\\\\n\\\\n   Download the output of a job as separate files.\\\\n\\\\n USAGE\\\\n -----\\\\n\\\\n   zowe zos-jobs download <command>\\\\n\\\\n   Where <command> is one of the following:\\\\n\\\\n COMMANDS\\\\n --------\\\\n\\\\n   output | o Download all job output to a directory\\\\n\\\\n GLOBAL OPTIONS\\\\n --------------\\\\n\\\\n   --response-format-json  | --rfj (boolean)\\\\n\\\\n      Produce JSON formatted data from a command\\\\n\\\\n   --help  | -h (boolean)\\\\n\\\\n      Display help text\\\\n\\\\n\\",
  \\"stderr\\": \\"\\",
  \\"data\\": \\"\\\\n DESCRIPTION\\\\n -----------\\\\n\\\\n   Download the output of a job as separate files.\\\\n\\\\n USAGE\\\\n -----\\\\n\\\\n   zowe zos-jobs download <command>\\\\n\\\\n   Where <command> is one of the following:\\\\n\\\\n COMMANDS\\\\n --------\\\\n\\\\n   output | o Download all job output to a directory\\\\n\\\\n GLOBAL OPTIONS\\\\n --------------\\\\n\\\\n   --response-format-json  | --rfj (boolean)\\\\n\\\\n      Produce JSON formatted data from a command\\\\n\\\\n   --help  | -h (boolean)\\\\n\\\\n      Display help text\\\\n\\\\n\\"
}"
`;
