// Jest Snapshot v1, https://goo.gl/fbAQLP

exports[`zos-jobs cancel command should display the help 1`] = `
"
 DESCRIPTION
 -----------

   Cancel a single job by job ID. This cancels the job if it is running or on
   input.

 USAGE
 -----

   zowe zos-jobs cancel <command>

   Where <command> is one of the following:

 COMMANDS
 --------

   job Cancel a single job by job ID

 GLOBAL OPTIONS
 --------------

   --response-format-json  | --rfj (boolean)

      Produce JSON formatted data from a command

   --help  | -h (boolean)

      Display help text

{
  \\"success\\": true,
  \\"exitCode\\": 0,
  \\"message\\": \\"The help was constructed for command: cancel.\\",
  \\"stdout\\": \\"\\\\n DESCRIPTION\\\\n -----------\\\\n\\\\n   Cancel a single job by job ID. This cancels the job if it is running or on\\\\n   input.\\\\n\\\\n USAGE\\\\n -----\\\\n\\\\n   zowe zos-jobs cancel <command>\\\\n\\\\n   Where <command> is one of the following:\\\\n\\\\n COMMANDS\\\\n --------\\\\n\\\\n   job Cancel a single job by job ID\\\\n\\\\n GLOBAL OPTIONS\\\\n --------------\\\\n\\\\n   --response-format-json  | --rfj (boolean)\\\\n\\\\n      Produce JSON formatted data from a command\\\\n\\\\n   --help  | -h (boolean)\\\\n\\\\n      Display help text\\\\n\\\\n\\",
  \\"stderr\\": \\"\\",
  \\"data\\": \\"\\\\n DESCRIPTION\\\\n -----------\\\\n\\\\n   Cancel a single job by job ID. This cancels the job if it is running or on\\\\n   input.\\\\n\\\\n USAGE\\\\n -----\\\\n\\\\n   zowe zos-jobs cancel <command>\\\\n\\\\n   Where <command> is one of the following:\\\\n\\\\n COMMANDS\\\\n --------\\\\n\\\\n   job Cancel a single job by job ID\\\\n\\\\n GLOBAL OPTIONS\\\\n --------------\\\\n\\\\n   --response-format-json  | --rfj (boolean)\\\\n\\\\n      Produce JSON formatted data from a command\\\\n\\\\n   --help  | -h (boolean)\\\\n\\\\n      Display help text\\\\n\\\\n\\"
}"
`;
